// Jest Snapshot v1, https://goo.gl/fbAQLP

exports[`nimbuild-webpack.js Builds development bundles from \`entry\` 1`] = `
Object {
  "entry": Array [
    "preact",
  ],
  "script": "/******/ (function(modules) { // webpackBootstrap
/******/ 	// The module cache
/******/ 	var installedModules = {};
/******/
/******/ 	// The require function
/******/ 	function __webpack_require__(moduleId) {
/******/
/******/ 		// Check if module is in cache
/******/ 		if(installedModules[moduleId]) {
/******/ 			return installedModules[moduleId].exports;
/******/ 		}
/******/ 		// Create a new module (and put it into the cache)
/******/ 		var module = installedModules[moduleId] = {
/******/ 			i: moduleId,
/******/ 			l: false,
/******/ 			exports: {}
/******/ 		};
/******/
/******/ 		// Execute the module function
/******/ 		modules[moduleId].call(module.exports, module, module.exports, __webpack_require__);
/******/
/******/ 		// Flag the module as loaded
/******/ 		module.l = true;
/******/
/******/ 		// Return the exports of the module
/******/ 		return module.exports;
/******/ 	}
/******/
/******/
/******/ 	// expose the modules object (__webpack_modules__)
/******/ 	__webpack_require__.m = modules;
/******/
/******/ 	// expose the module cache
/******/ 	__webpack_require__.c = installedModules;
/******/
/******/ 	// define getter function for harmony exports
/******/ 	__webpack_require__.d = function(exports, name, getter) {
/******/ 		if(!__webpack_require__.o(exports, name)) {
/******/ 			Object.defineProperty(exports, name, { enumerable: true, get: getter });
/******/ 		}
/******/ 	};
/******/
/******/ 	// define __esModule on exports
/******/ 	__webpack_require__.r = function(exports) {
/******/ 		if(typeof Symbol !== 'undefined' && Symbol.toStringTag) {
/******/ 			Object.defineProperty(exports, Symbol.toStringTag, { value: 'Module' });
/******/ 		}
/******/ 		Object.defineProperty(exports, '__esModule', { value: true });
/******/ 	};
/******/
/******/ 	// create a fake namespace object
/******/ 	// mode & 1: value is a module id, require it
/******/ 	// mode & 2: merge all properties of value into the ns
/******/ 	// mode & 4: return value when already ns object
/******/ 	// mode & 8|1: behave like require
/******/ 	__webpack_require__.t = function(value, mode) {
/******/ 		if(mode & 1) value = __webpack_require__(value);
/******/ 		if(mode & 8) return value;
/******/ 		if((mode & 4) && typeof value === 'object' && value && value.__esModule) return value;
/******/ 		var ns = Object.create(null);
/******/ 		__webpack_require__.r(ns);
/******/ 		Object.defineProperty(ns, 'default', { enumerable: true, value: value });
/******/ 		if(mode & 2 && typeof value != 'string') for(var key in value) __webpack_require__.d(ns, key, function(key) { return value[key]; }.bind(null, key));
/******/ 		return ns;
/******/ 	};
/******/
/******/ 	// getDefaultExport function for compatibility with non-harmony modules
/******/ 	__webpack_require__.n = function(module) {
/******/ 		var getter = module && module.__esModule ?
/******/ 			function getDefault() { return module['default']; } :
/******/ 			function getModuleExports() { return module; };
/******/ 		__webpack_require__.d(getter, 'a', getter);
/******/ 		return getter;
/******/ 	};
/******/
/******/ 	// Object.prototype.hasOwnProperty.call
/******/ 	__webpack_require__.o = function(object, property) { return Object.prototype.hasOwnProperty.call(object, property); };
/******/
/******/ 	// __webpack_public_path__
/******/ 	__webpack_require__.p = \\"\\";
/******/
/******/
/******/ 	// Load entry module and return exports
/******/ 	return __webpack_require__(__webpack_require__.s = 0);
/******/ })
/************************************************************************/
/******/ ([
/* 0 */
/***/ (function(module, exports, __webpack_require__) {

module.exports = __webpack_require__(1);


/***/ }),
/* 1 */
/***/ (function(__webpack_module__, __webpack_exports__, __webpack_require__) {

\\"use strict\\";
__webpack_require__.r(__webpack_exports__);
/* harmony export (binding) */ __webpack_require__.d(__webpack_exports__, \\"h\\", function() { return h; });
/* harmony export (binding) */ __webpack_require__.d(__webpack_exports__, \\"createElement\\", function() { return h; });
/* harmony export (binding) */ __webpack_require__.d(__webpack_exports__, \\"cloneElement\\", function() { return cloneElement; });
/* harmony export (binding) */ __webpack_require__.d(__webpack_exports__, \\"createRef\\", function() { return createRef; });
/* harmony export (binding) */ __webpack_require__.d(__webpack_exports__, \\"Component\\", function() { return Component; });
/* harmony export (binding) */ __webpack_require__.d(__webpack_exports__, \\"render\\", function() { return render; });
/* harmony export (binding) */ __webpack_require__.d(__webpack_exports__, \\"rerender\\", function() { return rerender; });
/* harmony export (binding) */ __webpack_require__.d(__webpack_exports__, \\"options\\", function() { return options; });
var VNode = function VNode() {};

var options = {};

var stack = [];

var EMPTY_CHILDREN = [];

function h(nodeName, attributes) {
	var children = EMPTY_CHILDREN,
	    lastSimple,
	    child,
	    simple,
	    i;
	for (i = arguments.length; i-- > 2;) {
		stack.push(arguments[i]);
	}
	if (attributes && attributes.children != null) {
		if (!stack.length) stack.push(attributes.children);
		delete attributes.children;
	}
	while (stack.length) {
		if ((child = stack.pop()) && child.pop !== undefined) {
			for (i = child.length; i--;) {
				stack.push(child[i]);
			}
		} else {
			if (typeof child === 'boolean') child = null;

			if (simple = typeof nodeName !== 'function') {
				if (child == null) child = '';else if (typeof child === 'number') child = String(child);else if (typeof child !== 'string') simple = false;
			}

			if (simple && lastSimple) {
				children[children.length - 1] += child;
			} else if (children === EMPTY_CHILDREN) {
				children = [child];
			} else {
				children.push(child);
			}

			lastSimple = simple;
		}
	}

	var p = new VNode();
	p.nodeName = nodeName;
	p.children = children;
	p.attributes = attributes == null ? undefined : attributes;
	p.key = attributes == null ? undefined : attributes.key;

	if (options.vnode !== undefined) options.vnode(p);

	return p;
}

function extend(obj, props) {
  for (var i in props) {
    obj[i] = props[i];
  }return obj;
}

function applyRef(ref, value) {
  if (ref) {
    if (typeof ref == 'function') ref(value);else ref.current = value;
  }
}

var defer = typeof Promise == 'function' ? Promise.resolve().then.bind(Promise.resolve()) : setTimeout;

function cloneElement(vnode, props) {
  return h(vnode.nodeName, extend(extend({}, vnode.attributes), props), arguments.length > 2 ? [].slice.call(arguments, 2) : vnode.children);
}

var IS_NON_DIMENSIONAL = /acit|ex(?:s|g|n|p|$)|rph|ows|mnc|ntw|ine[ch]|zoo|^ord/i;

var items = [];

function enqueueRender(component) {
	if (!component._dirty && (component._dirty = true) && items.push(component) == 1) {
		(options.debounceRendering || defer)(rerender);
	}
}

function rerender() {
	var p;
	while (p = items.pop()) {
		if (p._dirty) renderComponent(p);
	}
}

function isSameNodeType(node, vnode, hydrating) {
	if (typeof vnode === 'string' || typeof vnode === 'number') {
		return node.splitText !== undefined;
	}
	if (typeof vnode.nodeName === 'string') {
		return !node._componentConstructor && isNamedNode(node, vnode.nodeName);
	}
	return hydrating || node._componentConstructor === vnode.nodeName;
}

function isNamedNode(node, nodeName) {
	return node.normalizedNodeName === nodeName || node.nodeName.toLowerCase() === nodeName.toLowerCase();
}

function getNodeProps(vnode) {
	var props = extend({}, vnode.attributes);
	props.children = vnode.children;

	var defaultProps = vnode.nodeName.defaultProps;
	if (defaultProps !== undefined) {
		for (var i in defaultProps) {
			if (props[i] === undefined) {
				props[i] = defaultProps[i];
			}
		}
	}

	return props;
}

function createNode(nodeName, isSvg) {
	var node = isSvg ? document.createElementNS('http://www.w3.org/2000/svg', nodeName) : document.createElement(nodeName);
	node.normalizedNodeName = nodeName;
	return node;
}

function removeNode(node) {
	var parentNode = node.parentNode;
	if (parentNode) parentNode.removeChild(node);
}

function setAccessor(node, name, old, value, isSvg) {
	if (name === 'className') name = 'class';

	if (name === 'key') {} else if (name === 'ref') {
		applyRef(old, null);
		applyRef(value, node);
	} else if (name === 'class' && !isSvg) {
		node.className = value || '';
	} else if (name === 'style') {
		if (!value || typeof value === 'string' || typeof old === 'string') {
			node.style.cssText = value || '';
		}
		if (value && typeof value === 'object') {
			if (typeof old !== 'string') {
				for (var i in old) {
					if (!(i in value)) node.style[i] = '';
				}
			}
			for (var i in value) {
				node.style[i] = typeof value[i] === 'number' && IS_NON_DIMENSIONAL.test(i) === false ? value[i] + 'px' : value[i];
			}
		}
	} else if (name === 'dangerouslySetInnerHTML') {
		if (value) node.innerHTML = value.__html || '';
	} else if (name[0] == 'o' && name[1] == 'n') {
		var useCapture = name !== (name = name.replace(/Capture$/, ''));
		name = name.toLowerCase().substring(2);
		if (value) {
			if (!old) node.addEventListener(name, eventProxy, useCapture);
		} else {
			node.removeEventListener(name, eventProxy, useCapture);
		}
		(node._listeners || (node._listeners = {}))[name] = value;
	} else if (name !== 'list' && name !== 'type' && !isSvg && name in node) {
		try {
			node[name] = value == null ? '' : value;
		} catch (e) {}
		if ((value == null || value === false) && name != 'spellcheck') node.removeAttribute(name);
	} else {
		var ns = isSvg && name !== (name = name.replace(/^xlink:?/, ''));

		if (value == null || value === false) {
			if (ns) node.removeAttributeNS('http://www.w3.org/1999/xlink', name.toLowerCase());else node.removeAttribute(name);
		} else if (typeof value !== 'function') {
			if (ns) node.setAttributeNS('http://www.w3.org/1999/xlink', name.toLowerCase(), value);else node.setAttribute(name, value);
		}
	}
}

function eventProxy(e) {
	return this._listeners[e.type](options.event && options.event(e) || e);
}

var mounts = [];

var diffLevel = 0;

var isSvgMode = false;

var hydrating = false;

function flushMounts() {
	var c;
	while (c = mounts.shift()) {
		if (options.afterMount) options.afterMount(c);
		if (c.componentDidMount) c.componentDidMount();
	}
}

function diff(dom, vnode, context, mountAll, parent, componentRoot) {
	if (!diffLevel++) {
		isSvgMode = parent != null && parent.ownerSVGElement !== undefined;

		hydrating = dom != null && !('__preactattr_' in dom);
	}

	var ret = idiff(dom, vnode, context, mountAll, componentRoot);

	if (parent && ret.parentNode !== parent) parent.appendChild(ret);

	if (! --diffLevel) {
		hydrating = false;

		if (!componentRoot) flushMounts();
	}

	return ret;
}

function idiff(dom, vnode, context, mountAll, componentRoot) {
	var out = dom,
	    prevSvgMode = isSvgMode;

	if (vnode == null || typeof vnode === 'boolean') vnode = '';

	if (typeof vnode === 'string' || typeof vnode === 'number') {
		if (dom && dom.splitText !== undefined && dom.parentNode && (!dom._component || componentRoot)) {
			if (dom.nodeValue != vnode) {
				dom.nodeValue = vnode;
			}
		} else {
			out = document.createTextNode(vnode);
			if (dom) {
				if (dom.parentNode) dom.parentNode.replaceChild(out, dom);
				recollectNodeTree(dom, true);
			}
		}

		out['__preactattr_'] = true;

		return out;
	}

	var vnodeName = vnode.nodeName;
	if (typeof vnodeName === 'function') {
		return buildComponentFromVNode(dom, vnode, context, mountAll);
	}

	isSvgMode = vnodeName === 'svg' ? true : vnodeName === 'foreignObject' ? false : isSvgMode;

	vnodeName = String(vnodeName);
	if (!dom || !isNamedNode(dom, vnodeName)) {
		out = createNode(vnodeName, isSvgMode);

		if (dom) {
			while (dom.firstChild) {
				out.appendChild(dom.firstChild);
			}
			if (dom.parentNode) dom.parentNode.replaceChild(out, dom);

			recollectNodeTree(dom, true);
		}
	}

	var fc = out.firstChild,
	    props = out['__preactattr_'],
	    vchildren = vnode.children;

	if (props == null) {
		props = out['__preactattr_'] = {};
		for (var a = out.attributes, i = a.length; i--;) {
			props[a[i].name] = a[i].value;
		}
	}

	if (!hydrating && vchildren && vchildren.length === 1 && typeof vchildren[0] === 'string' && fc != null && fc.splitText !== undefined && fc.nextSibling == null) {
		if (fc.nodeValue != vchildren[0]) {
			fc.nodeValue = vchildren[0];
		}
	} else if (vchildren && vchildren.length || fc != null) {
			innerDiffNode(out, vchildren, context, mountAll, hydrating || props.dangerouslySetInnerHTML != null);
		}

	diffAttributes(out, vnode.attributes, props);

	isSvgMode = prevSvgMode;

	return out;
}

function innerDiffNode(dom, vchildren, context, mountAll, isHydrating) {
	var originalChildren = dom.childNodes,
	    children = [],
	    keyed = {},
	    keyedLen = 0,
	    min = 0,
	    len = originalChildren.length,
	    childrenLen = 0,
	    vlen = vchildren ? vchildren.length : 0,
	    j,
	    c,
	    f,
	    vchild,
	    child;

	if (len !== 0) {
		for (var i = 0; i < len; i++) {
			var _child = originalChildren[i],
			    props = _child['__preactattr_'],
			    key = vlen && props ? _child._component ? _child._component.__key : props.key : null;
			if (key != null) {
				keyedLen++;
				keyed[key] = _child;
			} else if (props || (_child.splitText !== undefined ? isHydrating ? _child.nodeValue.trim() : true : isHydrating)) {
				children[childrenLen++] = _child;
			}
		}
	}

	if (vlen !== 0) {
		for (var i = 0; i < vlen; i++) {
			vchild = vchildren[i];
			child = null;

			var key = vchild.key;
			if (key != null) {
				if (keyedLen && keyed[key] !== undefined) {
					child = keyed[key];
					keyed[key] = undefined;
					keyedLen--;
				}
			} else if (min < childrenLen) {
					for (j = min; j < childrenLen; j++) {
						if (children[j] !== undefined && isSameNodeType(c = children[j], vchild, isHydrating)) {
							child = c;
							children[j] = undefined;
							if (j === childrenLen - 1) childrenLen--;
							if (j === min) min++;
							break;
						}
					}
				}

			child = idiff(child, vchild, context, mountAll);

			f = originalChildren[i];
			if (child && child !== dom && child !== f) {
				if (f == null) {
					dom.appendChild(child);
				} else if (child === f.nextSibling) {
					removeNode(f);
				} else {
					dom.insertBefore(child, f);
				}
			}
		}
	}

	if (keyedLen) {
		for (var i in keyed) {
			if (keyed[i] !== undefined) recollectNodeTree(keyed[i], false);
		}
	}

	while (min <= childrenLen) {
		if ((child = children[childrenLen--]) !== undefined) recollectNodeTree(child, false);
	}
}

function recollectNodeTree(node, unmountOnly) {
	var component = node._component;
	if (component) {
		unmountComponent(component);
	} else {
		if (node['__preactattr_'] != null) applyRef(node['__preactattr_'].ref, null);

		if (unmountOnly === false || node['__preactattr_'] == null) {
			removeNode(node);
		}

		removeChildren(node);
	}
}

function removeChildren(node) {
	node = node.lastChild;
	while (node) {
		var next = node.previousSibling;
		recollectNodeTree(node, true);
		node = next;
	}
}

function diffAttributes(dom, attrs, old) {
	var name;

	for (name in old) {
		if (!(attrs && attrs[name] != null) && old[name] != null) {
			setAccessor(dom, name, old[name], old[name] = undefined, isSvgMode);
		}
	}

	for (name in attrs) {
		if (name !== 'children' && name !== 'innerHTML' && (!(name in old) || attrs[name] !== (name === 'value' || name === 'checked' ? dom[name] : old[name]))) {
			setAccessor(dom, name, old[name], old[name] = attrs[name], isSvgMode);
		}
	}
}

var recyclerComponents = [];

function createComponent(Ctor, props, context) {
	var inst,
	    i = recyclerComponents.length;

	if (Ctor.prototype && Ctor.prototype.render) {
		inst = new Ctor(props, context);
		Component.call(inst, props, context);
	} else {
		inst = new Component(props, context);
		inst.constructor = Ctor;
		inst.render = doRender;
	}

	while (i--) {
		if (recyclerComponents[i].constructor === Ctor) {
			inst.nextBase = recyclerComponents[i].nextBase;
			recyclerComponents.splice(i, 1);
			return inst;
		}
	}

	return inst;
}

function doRender(props, state, context) {
	return this.constructor(props, context);
}

function setComponentProps(component, props, renderMode, context, mountAll) {
	if (component._disable) return;
	component._disable = true;

	component.__ref = props.ref;
	component.__key = props.key;
	delete props.ref;
	delete props.key;

	if (typeof component.constructor.getDerivedStateFromProps === 'undefined') {
		if (!component.base || mountAll) {
			if (component.componentWillMount) component.componentWillMount();
		} else if (component.componentWillReceiveProps) {
			component.componentWillReceiveProps(props, context);
		}
	}

	if (context && context !== component.context) {
		if (!component.prevContext) component.prevContext = component.context;
		component.context = context;
	}

	if (!component.prevProps) component.prevProps = component.props;
	component.props = props;

	component._disable = false;

	if (renderMode !== 0) {
		if (renderMode === 1 || options.syncComponentUpdates !== false || !component.base) {
			renderComponent(component, 1, mountAll);
		} else {
			enqueueRender(component);
		}
	}

	applyRef(component.__ref, component);
}

function renderComponent(component, renderMode, mountAll, isChild) {
	if (component._disable) return;

	var props = component.props,
	    state = component.state,
	    context = component.context,
	    previousProps = component.prevProps || props,
	    previousState = component.prevState || state,
	    previousContext = component.prevContext || context,
	    isUpdate = component.base,
	    nextBase = component.nextBase,
	    initialBase = isUpdate || nextBase,
	    initialChildComponent = component._component,
	    skip = false,
	    snapshot = previousContext,
	    rendered,
	    inst,
	    cbase;

	if (component.constructor.getDerivedStateFromProps) {
		state = extend(extend({}, state), component.constructor.getDerivedStateFromProps(props, state));
		component.state = state;
	}

	if (isUpdate) {
		component.props = previousProps;
		component.state = previousState;
		component.context = previousContext;
		if (renderMode !== 2 && component.shouldComponentUpdate && component.shouldComponentUpdate(props, state, context) === false) {
			skip = true;
		} else if (component.componentWillUpdate) {
			component.componentWillUpdate(props, state, context);
		}
		component.props = props;
		component.state = state;
		component.context = context;
	}

	component.prevProps = component.prevState = component.prevContext = component.nextBase = null;
	component._dirty = false;

	if (!skip) {
		rendered = component.render(props, state, context);

		if (component.getChildContext) {
			context = extend(extend({}, context), component.getChildContext());
		}

		if (isUpdate && component.getSnapshotBeforeUpdate) {
			snapshot = component.getSnapshotBeforeUpdate(previousProps, previousState);
		}

		var childComponent = rendered && rendered.nodeName,
		    toUnmount,
		    base;

		if (typeof childComponent === 'function') {

			var childProps = getNodeProps(rendered);
			inst = initialChildComponent;

			if (inst && inst.constructor === childComponent && childProps.key == inst.__key) {
				setComponentProps(inst, childProps, 1, context, false);
			} else {
				toUnmount = inst;

				component._component = inst = createComponent(childComponent, childProps, context);
				inst.nextBase = inst.nextBase || nextBase;
				inst._parentComponent = component;
				setComponentProps(inst, childProps, 0, context, false);
				renderComponent(inst, 1, mountAll, true);
			}

			base = inst.base;
		} else {
			cbase = initialBase;

			toUnmount = initialChildComponent;
			if (toUnmount) {
				cbase = component._component = null;
			}

			if (initialBase || renderMode === 1) {
				if (cbase) cbase._component = null;
				base = diff(cbase, rendered, context, mountAll || !isUpdate, initialBase && initialBase.parentNode, true);
			}
		}

		if (initialBase && base !== initialBase && inst !== initialChildComponent) {
			var baseParent = initialBase.parentNode;
			if (baseParent && base !== baseParent) {
				baseParent.replaceChild(base, initialBase);

				if (!toUnmount) {
					initialBase._component = null;
					recollectNodeTree(initialBase, false);
				}
			}
		}

		if (toUnmount) {
			unmountComponent(toUnmount);
		}

		component.base = base;
		if (base && !isChild) {
			var componentRef = component,
			    t = component;
			while (t = t._parentComponent) {
				(componentRef = t).base = base;
			}
			base._component = componentRef;
			base._componentConstructor = componentRef.constructor;
		}
	}

	if (!isUpdate || mountAll) {
		mounts.push(component);
	} else if (!skip) {

		if (component.componentDidUpdate) {
			component.componentDidUpdate(previousProps, previousState, snapshot);
		}
		if (options.afterUpdate) options.afterUpdate(component);
	}

	while (component._renderCallbacks.length) {
		component._renderCallbacks.pop().call(component);
	}if (!diffLevel && !isChild) flushMounts();
}

function buildComponentFromVNode(dom, vnode, context, mountAll) {
	var c = dom && dom._component,
	    originalComponent = c,
	    oldDom = dom,
	    isDirectOwner = c && dom._componentConstructor === vnode.nodeName,
	    isOwner = isDirectOwner,
	    props = getNodeProps(vnode);
	while (c && !isOwner && (c = c._parentComponent)) {
		isOwner = c.constructor === vnode.nodeName;
	}

	if (c && isOwner && (!mountAll || c._component)) {
		setComponentProps(c, props, 3, context, mountAll);
		dom = c.base;
	} else {
		if (originalComponent && !isDirectOwner) {
			unmountComponent(originalComponent);
			dom = oldDom = null;
		}

		c = createComponent(vnode.nodeName, props, context);
		if (dom && !c.nextBase) {
			c.nextBase = dom;

			oldDom = null;
		}
		setComponentProps(c, props, 1, context, mountAll);
		dom = c.base;

		if (oldDom && dom !== oldDom) {
			oldDom._component = null;
			recollectNodeTree(oldDom, false);
		}
	}

	return dom;
}

function unmountComponent(component) {
	if (options.beforeUnmount) options.beforeUnmount(component);

	var base = component.base;

	component._disable = true;

	if (component.componentWillUnmount) component.componentWillUnmount();

	component.base = null;

	var inner = component._component;
	if (inner) {
		unmountComponent(inner);
	} else if (base) {
		if (base['__preactattr_'] != null) applyRef(base['__preactattr_'].ref, null);

		component.nextBase = base;

		removeNode(base);
		recyclerComponents.push(component);

		removeChildren(base);
	}

	applyRef(component.__ref, null);
}

function Component(props, context) {
	this._dirty = true;

	this.context = context;

	this.props = props;

	this.state = this.state || {};

	this._renderCallbacks = [];
}

extend(Component.prototype, {
	setState: function setState(state, callback) {
		if (!this.prevState) this.prevState = this.state;
		this.state = extend(extend({}, this.state), typeof state === 'function' ? state(this.state, this.props) : state);
		if (callback) this._renderCallbacks.push(callback);
		enqueueRender(this);
	},
	forceUpdate: function forceUpdate(callback) {
		if (callback) this._renderCallbacks.push(callback);
		renderComponent(this, 2);
	},
	render: function render() {}
});

function render(vnode, parent, merge) {
  return diff(merge, vnode, {}, false, parent, false);
}

function createRef() {
	return {};
}

var preact = {
	h: h,
	createElement: h,
	cloneElement: cloneElement,
	createRef: createRef,
	Component: Component,
	render: render,
	rerender: rerender,
	options: options
};

/* harmony default export */ __webpack_exports__[\\"default\\"] = (preact);

//# sourceMappingURL=preact.mjs.map


/***/ })
/******/ ]);",
}
`;

exports[`nimbuild-webpack.js Builds empty string with empty \`entry\` 1`] = `
Object {
  "entry": Array [],
  "script": "",
}
`;

exports[`nimbuild-webpack.js Builds production bundles from \`entry\` 1`] = `
Object {
  "entry": Array [
    "preact",
  ],
  "script": "!function(e){var t={};function n(r){if(t[r])return t[r].exports;var o=t[r]={i:r,l:!1,exports:{}};return e[r].call(o.exports,o,o.exports,n),o.l=!0,o.exports}n.m=e,n.c=t,n.d=function(e,t,r){n.o(e,t)||Object.defineProperty(e,t,{enumerable:!0,get:r})},n.r=function(e){\\"undefined\\"!==typeof Symbol&&Symbol.toStringTag&&Object.defineProperty(e,Symbol.toStringTag,{value:\\"Module\\"}),Object.defineProperty(e,\\"__esModule\\",{value:!0})},n.t=function(e,t){if(1&t&&(e=n(e)),8&t)return e;if(4&t&&\\"object\\"===typeof e&&e&&e.__esModule)return e;var r=Object.create(null);if(n.r(r),Object.defineProperty(r,\\"default\\",{enumerable:!0,value:e}),2&t&&\\"string\\"!=typeof e)for(var o in e)n.d(r,o,function(t){return e[t]}.bind(null,o));return r},n.n=function(e){var t=e&&e.__esModule?function(){return e.default}:function(){return e};return n.d(t,\\"a\\",t),t},n.o=function(e,t){return Object.prototype.hasOwnProperty.call(e,t)},n.p=\\"\\",n(n.s=0)}([function(e,t,n){e.exports=n(1)},function(e,t,n){\\"use strict\\";n.r(t),n.d(t,\\"h\\",(function(){return a})),n.d(t,\\"createElement\\",(function(){return a})),n.d(t,\\"cloneElement\\",(function(){return c})),n.d(t,\\"createRef\\",(function(){return A})),n.d(t,\\"Component\\",(function(){return D})),n.d(t,\\"render\\",(function(){return V})),n.d(t,\\"rerender\\",(function(){return m})),n.d(t,\\"options\\",(function(){return o}));var r=function(){},o={},i=[],l=[];function a(e,t){var n,a,u,s,p=l;for(s=arguments.length;s-- >2;)i.push(arguments[s]);for(t&&null!=t.children&&(i.length||i.push(t.children),delete t.children);i.length;)if((a=i.pop())&&void 0!==a.pop)for(s=a.length;s--;)i.push(a[s]);else\\"boolean\\"===typeof a&&(a=null),(u=\\"function\\"!==typeof e)&&(null==a?a=\\"\\":\\"number\\"===typeof a?a=String(a):\\"string\\"!==typeof a&&(u=!1)),u&&n?p[p.length-1]+=a:p===l?p=[a]:p.push(a),n=u;var c=new r;return c.nodeName=e,c.children=p,c.attributes=null==t?void 0:t,c.key=null==t?void 0:t.key,void 0!==o.vnode&&o.vnode(c),c}function u(e,t){for(var n in t)e[n]=t[n];return e}function s(e,t){e&&(\\"function\\"==typeof e?e(t):e.current=t)}var p=\\"function\\"==typeof Promise?Promise.resolve().then.bind(Promise.resolve()):setTimeout;function c(e,t){return a(e.nodeName,u(u({},e.attributes),t),arguments.length>2?[].slice.call(arguments,2):e.children)}var f=/acit|ex(?:s|g|n|p|$)|rph|ows|mnc|ntw|ine[ch]|zoo|^ord/i,d=[];function v(e){!e._dirty&&(e._dirty=!0)&&1==d.push(e)&&(o.debounceRendering||p)(m)}function m(){for(var e;e=d.pop();)e._dirty&&O(e)}function _(e,t,n){return\\"string\\"===typeof t||\\"number\\"===typeof t?void 0!==e.splitText:\\"string\\"===typeof t.nodeName?!e._componentConstructor&&h(e,t.nodeName):n||e._componentConstructor===t.nodeName}function h(e,t){return e.normalizedNodeName===t||e.nodeName.toLowerCase()===t.toLowerCase()}function y(e){var t=u({},e.attributes);t.children=e.children;var n=e.nodeName.defaultProps;if(void 0!==n)for(var r in n)void 0===t[r]&&(t[r]=n[r]);return t}function b(e){var t=e.parentNode;t&&t.removeChild(e)}function g(e,t,n,r,o){if(\\"className\\"===t&&(t=\\"class\\"),\\"key\\"===t);else if(\\"ref\\"===t)s(n,null),s(r,e);else if(\\"class\\"!==t||o)if(\\"style\\"===t){if(r&&\\"string\\"!==typeof r&&\\"string\\"!==typeof n||(e.style.cssText=r||\\"\\"),r&&\\"object\\"===typeof r){if(\\"string\\"!==typeof n)for(var i in n)i in r||(e.style[i]=\\"\\");for(var i in r)e.style[i]=\\"number\\"===typeof r[i]&&!1===f.test(i)?r[i]+\\"px\\":r[i]}}else if(\\"dangerouslySetInnerHTML\\"===t)r&&(e.innerHTML=r.__html||\\"\\");else if(\\"o\\"==t[0]&&\\"n\\"==t[1]){var l=t!==(t=t.replace(/Capture$/,\\"\\"));t=t.toLowerCase().substring(2),r?n||e.addEventListener(t,C,l):e.removeEventListener(t,C,l),(e._listeners||(e._listeners={}))[t]=r}else if(\\"list\\"!==t&&\\"type\\"!==t&&!o&&t in e){try{e[t]=null==r?\\"\\":r}catch(u){}null!=r&&!1!==r||\\"spellcheck\\"==t||e.removeAttribute(t)}else{var a=o&&t!==(t=t.replace(/^xlink:?/,\\"\\"));null==r||!1===r?a?e.removeAttributeNS(\\"http://www.w3.org/1999/xlink\\",t.toLowerCase()):e.removeAttribute(t):\\"function\\"!==typeof r&&(a?e.setAttributeNS(\\"http://www.w3.org/1999/xlink\\",t.toLowerCase(),r):e.setAttribute(t,r))}else e.className=r||\\"\\"}function C(e){return this._listeners[e.type](o.event&&o.event(e)||e)}var x=[],N=0,S=!1,w=!1;function k(){for(var e;e=x.shift();)o.afterMount&&o.afterMount(e),e.componentDidMount&&e.componentDidMount()}function P(e,t,n,r,o,i){N++||(S=null!=o&&void 0!==o.ownerSVGElement,w=null!=e&&!(\\"__preactattr_\\"in e));var l=U(e,t,n,r,i);return o&&l.parentNode!==o&&o.appendChild(l),--N||(w=!1,i||k()),l}function U(e,t,n,r,o){var i=e,l=S;if(null!=t&&\\"boolean\\"!==typeof t||(t=\\"\\"),\\"string\\"===typeof t||\\"number\\"===typeof t)return e&&void 0!==e.splitText&&e.parentNode&&(!e._component||o)?e.nodeValue!=t&&(e.nodeValue=t):(i=document.createTextNode(t),e&&(e.parentNode&&e.parentNode.replaceChild(i,e),M(e,!0))),i.__preactattr_=!0,i;var a,u,s=t.nodeName;if(\\"function\\"===typeof s)return function(e,t,n,r){var o=e&&e._component,i=o,l=e,a=o&&e._componentConstructor===t.nodeName,u=a,s=y(t);for(;o&&!u&&(o=o._parentComponent);)u=o.constructor===t.nodeName;o&&u&&(!r||o._component)?(E(o,s,3,n,r),e=o.base):(i&&!a&&(W(i),e=l=null),o=L(t.nodeName,s,n),e&&!o.nextBase&&(o.nextBase=e,l=null),E(o,s,1,n,r),e=o.base,l&&e!==l&&(l._component=null,M(l,!1)));return e}(e,t,n,r);if(S=\\"svg\\"===s||\\"foreignObject\\"!==s&&S,s=String(s),(!e||!h(e,s))&&(a=s,(u=S?document.createElementNS(\\"http://www.w3.org/2000/svg\\",a):document.createElement(a)).normalizedNodeName=a,i=u,e)){for(;e.firstChild;)i.appendChild(e.firstChild);e.parentNode&&e.parentNode.replaceChild(i,e),M(e,!0)}var p=i.firstChild,c=i.__preactattr_,f=t.children;if(null==c){c=i.__preactattr_={};for(var d=i.attributes,v=d.length;v--;)c[d[v].name]=d[v].value}return!w&&f&&1===f.length&&\\"string\\"===typeof f[0]&&null!=p&&void 0!==p.splitText&&null==p.nextSibling?p.nodeValue!=f[0]&&(p.nodeValue=f[0]):(f&&f.length||null!=p)&&function(e,t,n,r,o){var i,l,a,u,s,p=e.childNodes,c=[],f={},d=0,v=0,m=p.length,h=0,y=t?t.length:0;if(0!==m)for(var g=0;g<m;g++){var C=p[g],x=C.__preactattr_;null!=(N=y&&x?C._component?C._component.__key:x.key:null)?(d++,f[N]=C):(x||(void 0!==C.splitText?!o||C.nodeValue.trim():o))&&(c[h++]=C)}if(0!==y)for(g=0;g<y;g++){var N;if(u=t[g],s=null,null!=(N=u.key))d&&void 0!==f[N]&&(s=f[N],f[N]=void 0,d--);else if(v<h)for(i=v;i<h;i++)if(void 0!==c[i]&&_(l=c[i],u,o)){s=l,c[i]=void 0,i===h-1&&h--,i===v&&v++;break}s=U(s,u,n,r),a=p[g],s&&s!==e&&s!==a&&(null==a?e.appendChild(s):s===a.nextSibling?b(a):e.insertBefore(s,a))}if(d)for(var g in f)void 0!==f[g]&&M(f[g],!1);for(;v<=h;)void 0!==(s=c[h--])&&M(s,!1)}(i,f,n,r,w||null!=c.dangerouslySetInnerHTML),function(e,t,n){var r;for(r in n)t&&null!=t[r]||null==n[r]||g(e,r,n[r],n[r]=void 0,S);for(r in t)\\"children\\"===r||\\"innerHTML\\"===r||r in n&&t[r]===(\\"value\\"===r||\\"checked\\"===r?e[r]:n[r])||g(e,r,n[r],n[r]=t[r],S)}(i,t.attributes,c),S=l,i}function M(e,t){var n=e._component;n?W(n):(null!=e.__preactattr_&&s(e.__preactattr_.ref,null),!1!==t&&null!=e.__preactattr_||b(e),T(e))}function T(e){for(e=e.lastChild;e;){var t=e.previousSibling;M(e,!0),e=t}}var B=[];function L(e,t,n){var r,o=B.length;for(e.prototype&&e.prototype.render?(r=new e(t,n),D.call(r,t,n)):((r=new D(t,n)).constructor=e,r.render=j);o--;)if(B[o].constructor===e)return r.nextBase=B[o].nextBase,B.splice(o,1),r;return r}function j(e,t,n){return this.constructor(e,n)}function E(e,t,n,r,i){e._disable||(e._disable=!0,e.__ref=t.ref,e.__key=t.key,delete t.ref,delete t.key,\\"undefined\\"===typeof e.constructor.getDerivedStateFromProps&&(!e.base||i?e.componentWillMount&&e.componentWillMount():e.componentWillReceiveProps&&e.componentWillReceiveProps(t,r)),r&&r!==e.context&&(e.prevContext||(e.prevContext=e.context),e.context=r),e.prevProps||(e.prevProps=e.props),e.props=t,e._disable=!1,0!==n&&(1!==n&&!1===o.syncComponentUpdates&&e.base?v(e):O(e,1,i)),s(e.__ref,e))}function O(e,t,n,r){if(!e._disable){var i,l,a,s=e.props,p=e.state,c=e.context,f=e.prevProps||s,d=e.prevState||p,v=e.prevContext||c,m=e.base,_=e.nextBase,h=m||_,b=e._component,g=!1,C=v;if(e.constructor.getDerivedStateFromProps&&(p=u(u({},p),e.constructor.getDerivedStateFromProps(s,p)),e.state=p),m&&(e.props=f,e.state=d,e.context=v,2!==t&&e.shouldComponentUpdate&&!1===e.shouldComponentUpdate(s,p,c)?g=!0:e.componentWillUpdate&&e.componentWillUpdate(s,p,c),e.props=s,e.state=p,e.context=c),e.prevProps=e.prevState=e.prevContext=e.nextBase=null,e._dirty=!1,!g){i=e.render(s,p,c),e.getChildContext&&(c=u(u({},c),e.getChildContext())),m&&e.getSnapshotBeforeUpdate&&(C=e.getSnapshotBeforeUpdate(f,d));var S,w,U=i&&i.nodeName;if(\\"function\\"===typeof U){var T=y(i);(l=b)&&l.constructor===U&&T.key==l.__key?E(l,T,1,c,!1):(S=l,e._component=l=L(U,T,c),l.nextBase=l.nextBase||_,l._parentComponent=e,E(l,T,0,c,!1),O(l,1,n,!0)),w=l.base}else a=h,(S=b)&&(a=e._component=null),(h||1===t)&&(a&&(a._component=null),w=P(a,i,c,n||!m,h&&h.parentNode,!0));if(h&&w!==h&&l!==b){var B=h.parentNode;B&&w!==B&&(B.replaceChild(w,h),S||(h._component=null,M(h,!1)))}if(S&&W(S),e.base=w,w&&!r){for(var j=e,D=e;D=D._parentComponent;)(j=D).base=w;w._component=j,w._componentConstructor=j.constructor}}for(!m||n?x.push(e):g||(e.componentDidUpdate&&e.componentDidUpdate(f,d,C),o.afterUpdate&&o.afterUpdate(e));e._renderCallbacks.length;)e._renderCallbacks.pop().call(e);N||r||k()}}function W(e){o.beforeUnmount&&o.beforeUnmount(e);var t=e.base;e._disable=!0,e.componentWillUnmount&&e.componentWillUnmount(),e.base=null;var n=e._component;n?W(n):t&&(null!=t.__preactattr_&&s(t.__preactattr_.ref,null),e.nextBase=t,b(t),B.push(e),T(t)),s(e.__ref,null)}function D(e,t){this._dirty=!0,this.context=t,this.props=e,this.state=this.state||{},this._renderCallbacks=[]}function V(e,t,n){return P(n,e,{},!1,t,!1)}function A(){return{}}u(D.prototype,{setState:function(e,t){this.prevState||(this.prevState=this.state),this.state=u(u({},this.state),\\"function\\"===typeof e?e(this.state,this.props):e),t&&this._renderCallbacks.push(t),v(this)},forceUpdate:function(e){e&&this._renderCallbacks.push(e),O(this,2)},render:function(){}});var R={h:a,createElement:a,cloneElement:c,createRef:A,Component:D,render:V,rerender:m,options:o};t.default=R}]);",
}
`;
